nohup: ignoring input
INFO:data_layer:[data_layer] Orion is reachable → using Orion Context Broker
WARNING:werkzeug:Werkzeug appears to be used in a production deployment. Consider switching to a production web server instead.
 * Serving Flask app 'app'
 * Debug mode: on
INFO:werkzeug:[31m[1mWARNING: This is a development server. Do not use it in a production deployment. Use a production WSGI server instead.[0m
 * Running on http://127.0.0.1:5000
INFO:werkzeug:[33mPress CTRL+C to quit[0m
INFO:werkzeug: * Restarting with stat
INFO:data_layer:[data_layer] Orion is reachable → using Orion Context Broker
WARNING:werkzeug:Werkzeug appears to be used in a production deployment. Consider switching to a production web server instead.
WARNING:werkzeug: * Debugger is active!
INFO:werkzeug: * Debugger PIN: 140-931-287
INFO:werkzeug: * Detected change in '/home/enrique/XDEI/P2-XDEI/app.py', reloading
INFO:werkzeug: * Restarting with stat
/home/enrique/XDEI/P2-XDEI/app.py:615: LegacyAPIWarning: The Query.get() method is considered legacy as of the 1.x series of SQLAlchemy and becomes a legacy construct in 2.0. The method is now available as Session.get() (deprecated since: 2.0) (Background on SQLAlchemy 2.0 at: https://sqlalche.me/e/b8d9)
  if not Product.query.get(inv.product_id) or not Store.query.get(inv.store_id):
INFO:data_layer:[data_layer] Orion is reachable → using Orion Context Broker
WARNING:werkzeug:Werkzeug appears to be used in a production deployment. Consider switching to a production web server instead.
WARNING:werkzeug: * Debugger is active!
INFO:werkzeug: * Debugger PIN: 140-931-287
